2024-07-21 15:13:15,347 INFO r.s.s.GameServer [main] Server started on port 5555
2024-07-21 15:14:42,160 INFO r.s.s.GameServer [main] Server started on port 5555
2024-07-21 15:15:49,298 INFO r.s.s.GameServer [main] Server started on port 5555
2024-07-21 15:16:02,178 INFO r.s.s.GameServer [main] Server started on port 5555
2024-07-21 15:20:26,748 INFO r.s.s.GameServer [main] Server started on port 5555
2024-07-21 16:03:32,792 INFO r.s.g.GameController [main] Creating new GameController.
2024-07-21 16:03:32,823 INFO r.s.s.GameServer [main] Server started on port 5555
2024-07-21 16:04:37,961 INFO r.s.s.GameServer [main] A client has connected from : /127.0.0.1
2024-07-21 16:04:37,967 INFO r.s.s.GameClient [main] Creating new GameClient thread.
2024-07-21 16:04:37,973 INFO r.s.s.Session [main] Creating new Session.
2024-07-21 16:04:37,975 INFO r.s.s.GameClient [Thread-1] Starting GameClient listen loop.
2024-07-21 16:04:37,979 INFO r.s.s.GameClient [Thread-1] Data received. Passing it down to Session.
2024-07-21 16:04:37,991 INFO r.s.e.EventDecoder [Thread-1] Creating Event from data.
2024-07-21 16:04:37,994 INFO r.s.s.Network [Thread-1] New event received in Network. Processing it.
2024-07-21 16:04:37,995 INFO r.s.e.EventDecoder [Thread-1] Processing StartGameEvent.
2024-07-21 16:04:37,995 INFO r.s.g.GameController [Thread-0] Starting GameController thread.
2024-07-21 16:04:37,997 INFO r.s.g.GameController [Thread-0] New GameController loop.
2024-07-21 16:04:37,997 INFO r.s.g.GameController [Thread-0] Processing the round events.
2024-07-21 16:04:37,997 INFO r.s.g.GameController [Thread-0] All Events in queue processed.
2024-07-21 16:04:38,965 INFO r.s.s.GameClient [Thread-1] Data received. Passing it down to Session.
2024-07-21 16:04:38,965 INFO r.s.e.EventDecoder [Thread-1] Creating Event from data.
2024-07-21 16:04:38,966 INFO r.s.s.Network [Thread-1] New event received in Network. Processing it.
2024-07-21 16:04:38,966 INFO r.s.e.EventDecoder [Thread-1] Processing ConnectGameEvent.
2024-07-21 16:04:38,966 INFO r.s.s.Session [Thread-1] Connecting Session to GameController.
2024-07-21 16:04:38,989 INFO r.s.s.Session [Thread-1] Session successfuly connected to GameController.
2024-07-21 16:04:39,966 INFO r.s.s.GameClient [Thread-1] Data received. Passing it down to Session.
2024-07-21 16:04:39,967 INFO r.s.e.EventDecoder [Thread-1] Creating Event from data.
2024-07-21 16:04:39,968 INFO r.s.g.GameController [Thread-1] New event received in the GameController. Adding it to the queue.
2024-07-21 16:04:39,969 INFO r.s.s.GameClient [Thread-1] Stopping client Thread.
2024-07-21 16:04:39,971 INFO r.s.s.Session [Thread-1] Disconnecting Session from GameController.
2024-07-21 16:04:52,999 INFO r.s.g.GameController [Thread-0] New GameController loop.
2024-07-21 16:04:53,000 INFO r.s.g.GameController [Thread-0] Processing the round events.
2024-07-21 16:04:53,000 INFO r.s.g.GameController [Thread-0] All Events in queue processed.
2024-07-21 16:05:08,002 INFO r.s.g.GameController [Thread-0] New GameController loop.
2024-07-21 16:05:08,002 INFO r.s.g.GameController [Thread-0] Processing the round events.
2024-07-21 16:05:08,002 INFO r.s.g.GameController [Thread-0] All Events in queue processed.
2024-07-21 16:05:23,004 INFO r.s.g.GameController [Thread-0] New GameController loop.
2024-07-21 16:05:23,005 INFO r.s.g.GameController [Thread-0] Processing the round events.
2024-07-21 16:05:23,005 INFO r.s.g.GameController [Thread-0] All Events in queue processed.
2024-07-21 16:05:38,006 INFO r.s.g.GameController [Thread-0] New GameController loop.
2024-07-21 16:05:38,007 INFO r.s.g.GameController [Thread-0] Processing the round events.
2024-07-21 16:05:38,007 INFO r.s.g.GameController [Thread-0] All Events in queue processed.
2024-07-21 16:05:53,008 INFO r.s.g.GameController [Thread-0] New GameController loop.
2024-07-21 16:05:53,009 INFO r.s.g.GameController [Thread-0] Processing the round events.
2024-07-21 16:05:53,009 INFO r.s.g.GameController [Thread-0] All Events in queue processed.
2024-07-21 16:06:05,906 INFO r.s.g.GameController [main] Creating new GameController.
2024-07-21 16:06:05,924 INFO r.s.s.GameServer [main] Server started on port 5555
2024-07-21 16:06:09,094 INFO r.s.s.GameServer [main] A client has connected from : /127.0.0.1
2024-07-21 16:06:09,097 INFO r.s.s.GameClient [main] Creating new GameClient thread.
2024-07-21 16:06:09,099 INFO r.s.s.Session [main] Creating new Session.
2024-07-21 16:06:09,101 INFO r.s.s.GameClient [Thread-1] Starting GameClient listen loop.
2024-07-21 16:06:09,134 INFO r.s.s.GameClient [Thread-1] Data received. Passing it down to Session.
2024-07-21 16:06:09,142 INFO r.s.e.EventDecoder [Thread-1] Decoding Event from data.
2024-07-21 16:06:09,144 INFO r.s.s.Network [Thread-1] New event received in Network. Processing it.
2024-07-21 16:06:09,145 INFO r.s.e.EventDecoder [Thread-1] Processing StartGameEvent.
2024-07-21 16:06:09,145 INFO r.s.g.GameController [Thread-0] Starting GameController thread.
2024-07-21 16:06:09,146 INFO r.s.g.GameController [Thread-0] New GameController loop.
2024-07-21 16:06:09,149 INFO r.s.g.GameController [Thread-0] Processing the round events.
2024-07-21 16:06:09,150 INFO r.s.g.GameController [Thread-0] All Events in queue processed.
2024-07-21 16:06:10,135 INFO r.s.s.GameClient [Thread-1] Data received. Passing it down to Session.
2024-07-21 16:06:10,136 INFO r.s.e.EventDecoder [Thread-1] Decoding Event from data.
2024-07-21 16:06:10,137 INFO r.s.s.Network [Thread-1] New event received in Network. Processing it.
2024-07-21 16:06:10,138 INFO r.s.e.EventDecoder [Thread-1] Processing ConnectGameEvent.
2024-07-21 16:06:10,138 INFO r.s.s.Session [Thread-1] Connecting Session to GameController.
2024-07-21 16:06:10,166 INFO r.s.s.Session [Thread-1] Session successfuly connected to GameController.
2024-07-21 16:06:11,140 INFO r.s.s.GameClient [Thread-1] Data received. Passing it down to Session.
2024-07-21 16:06:11,141 INFO r.s.e.EventDecoder [Thread-1] Decoding Event from data.
2024-07-21 16:06:11,144 INFO r.s.g.GameController [Thread-1] New event received in the GameController. Adding it to the queue.
2024-07-21 16:06:11,145 INFO r.s.s.GameClient [Thread-1] Stopping client Thread.
2024-07-21 16:06:11,146 INFO r.s.s.Session [Thread-1] Disconnecting Session from GameController.
2024-07-21 16:06:24,151 INFO r.s.g.GameController [Thread-0] New GameController loop.
2024-07-21 16:06:24,152 INFO r.s.g.GameController [Thread-0] Processing the round events.
2024-07-21 16:06:24,152 INFO r.s.g.GameController [Thread-0] All Events in queue processed.
2024-07-21 16:06:39,153 INFO r.s.g.GameController [Thread-0] New GameController loop.
2024-07-21 16:06:39,154 INFO r.s.g.GameController [Thread-0] Processing the round events.
2024-07-21 16:06:39,154 INFO r.s.g.GameController [Thread-0] All Events in queue processed.
2024-07-21 16:06:54,156 INFO r.s.g.GameController [Thread-0] New GameController loop.
2024-07-21 16:06:54,157 INFO r.s.g.GameController [Thread-0] Processing the round events.
2024-07-21 16:06:54,157 INFO r.s.g.GameController [Thread-0] All Events in queue processed.
2024-07-21 16:07:09,158 INFO r.s.g.GameController [Thread-0] New GameController loop.
2024-07-21 16:07:09,159 INFO r.s.g.GameController [Thread-0] Processing the round events.
2024-07-21 16:07:09,159 INFO r.s.g.GameController [Thread-0] All Events in queue processed.
2024-07-21 16:07:24,160 INFO r.s.g.GameController [Thread-0] New GameController loop.
2024-07-21 16:07:24,161 INFO r.s.g.GameController [Thread-0] Processing the round events.
2024-07-21 16:07:24,161 INFO r.s.g.GameController [Thread-0] All Events in queue processed.
2024-07-21 16:07:39,163 INFO r.s.g.GameController [Thread-0] New GameController loop.
2024-07-21 16:07:39,164 INFO r.s.g.GameController [Thread-0] Processing the round events.
2024-07-21 16:07:39,164 INFO r.s.g.GameController [Thread-0] All Events in queue processed.
2024-07-21 16:07:54,165 INFO r.s.g.GameController [Thread-0] New GameController loop.
2024-07-21 16:07:54,166 INFO r.s.g.GameController [Thread-0] Processing the round events.
2024-07-21 16:07:54,167 INFO r.s.g.GameController [Thread-0] All Events in queue processed.
2024-07-21 16:08:09,168 INFO r.s.g.GameController [Thread-0] New GameController loop.
2024-07-21 16:08:09,169 INFO r.s.g.GameController [Thread-0] Processing the round events.
2024-07-21 16:08:09,169 INFO r.s.g.GameController [Thread-0] All Events in queue processed.
2024-07-21 16:08:24,170 INFO r.s.g.GameController [Thread-0] New GameController loop.
2024-07-21 16:08:24,171 INFO r.s.g.GameController [Thread-0] Processing the round events.
2024-07-21 16:08:24,171 INFO r.s.g.GameController [Thread-0] All Events in queue processed.
2024-07-21 16:08:39,172 INFO r.s.g.GameController [Thread-0] New GameController loop.
2024-07-21 16:08:39,172 INFO r.s.g.GameController [Thread-0] Processing the round events.
2024-07-21 16:08:39,173 INFO r.s.g.GameController [Thread-0] All Events in queue processed.
2024-07-21 16:08:54,174 INFO r.s.g.GameController [Thread-0] New GameController loop.
2024-07-21 16:08:54,176 INFO r.s.g.GameController [Thread-0] Processing the round events.
2024-07-21 16:08:54,176 INFO r.s.g.GameController [Thread-0] All Events in queue processed.
2024-07-21 16:09:03,319 INFO r.s.g.GameController [main] Creating new GameController.
2024-07-21 16:09:03,338 INFO r.s.s.GameServer [main] Server started on port 5555
2024-07-21 16:09:06,443 INFO r.s.s.GameServer [main] A client has connected from : /127.0.0.1
2024-07-21 16:09:06,447 INFO r.s.s.GameClient [main] Creating new GameClient thread.
2024-07-21 16:09:06,453 INFO r.s.s.Session [main] Creating new Session.
2024-07-21 16:09:06,458 INFO r.s.s.GameClient [Thread-1] Starting GameClient listen loop.
2024-07-21 16:09:06,462 INFO r.s.s.GameClient [Thread-1] Data received. Passing it down to Session.
2024-07-21 16:09:06,472 INFO r.s.e.EventDecoder [Thread-1] Decoding Event from data.
2024-07-21 16:09:06,475 INFO r.s.s.Network [Thread-1] New event received in Network. Processing it.
2024-07-21 16:09:06,476 INFO r.s.e.EventDecoder [Thread-1] Processing StartGameEvent.
2024-07-21 16:09:06,478 INFO r.s.g.GameController [Thread-0] Starting GameController thread.
2024-07-21 16:09:06,480 INFO r.s.g.GameController [Thread-0] New GameController loop.
2024-07-21 16:09:06,482 INFO r.s.g.GameController [Thread-0] Processing the round events.
2024-07-21 16:09:06,483 INFO r.s.g.GameController [Thread-0] All Events in queue processed.
2024-07-21 16:09:07,456 INFO r.s.s.GameClient [Thread-1] Data received. Passing it down to Session.
2024-07-21 16:09:07,457 INFO r.s.e.EventDecoder [Thread-1] Decoding Event from data.
2024-07-21 16:09:07,458 INFO r.s.s.Network [Thread-1] New event received in Network. Processing it.
2024-07-21 16:09:07,459 INFO r.s.e.EventDecoder [Thread-1] Processing ConnectGameEvent.
2024-07-21 16:09:07,460 INFO r.s.s.Session [Thread-1] Connecting Session to GameController.
2024-07-21 16:09:07,490 INFO r.s.s.Session [Thread-1] Session successfuly connected to GameController.
2024-07-21 16:09:08,459 INFO r.s.s.GameClient [Thread-1] Data received. Passing it down to Session.
2024-07-21 16:09:08,460 INFO r.s.e.EventDecoder [Thread-1] Decoding Event from data.
2024-07-21 16:09:08,461 INFO r.s.g.GameController [Thread-1] New event received in the GameController. Adding it to the queue ...
2024-07-21 16:09:08,462 INFO r.s.s.GameClient [Thread-1] Stopping client Thread.
2024-07-21 16:09:08,462 INFO r.s.s.Session [Thread-1] Disconnecting Session from GameController.
2024-07-21 16:09:21,484 INFO r.s.g.GameController [Thread-0] New GameController loop.
2024-07-21 16:09:21,485 INFO r.s.g.GameController [Thread-0] Processing the round events.
2024-07-21 16:09:21,486 INFO r.s.g.GameController [Thread-0] All Events in queue processed.
2024-07-21 16:09:36,487 INFO r.s.g.GameController [Thread-0] New GameController loop.
2024-07-21 16:09:36,487 INFO r.s.g.GameController [Thread-0] Processing the round events.
2024-07-21 16:09:36,488 INFO r.s.g.GameController [Thread-0] All Events in queue processed.
2024-07-21 16:09:51,489 INFO r.s.g.GameController [Thread-0] New GameController loop.
2024-07-21 16:09:51,489 INFO r.s.g.GameController [Thread-0] Processing the round events.
2024-07-21 16:09:51,490 INFO r.s.g.GameController [Thread-0] All Events in queue processed.
2024-07-21 16:10:06,490 INFO r.s.g.GameController [Thread-0] New GameController loop.
2024-07-21 16:10:06,491 INFO r.s.g.GameController [Thread-0] Processing the round events.
2024-07-21 16:10:06,491 INFO r.s.g.GameController [Thread-0] All Events in queue processed.
2024-07-21 16:10:21,493 INFO r.s.g.GameController [Thread-0] New GameController loop.
2024-07-21 16:10:21,493 INFO r.s.g.GameController [Thread-0] Processing the round events.
2024-07-21 16:10:21,493 INFO r.s.g.GameController [Thread-0] All Events in queue processed.
2024-07-21 16:10:36,496 INFO r.s.g.GameController [Thread-0] New GameController loop.
2024-07-21 16:10:36,496 INFO r.s.g.GameController [Thread-0] Processing the round events.
2024-07-21 16:10:36,496 INFO r.s.g.GameController [Thread-0] All Events in queue processed.
2024-07-21 16:10:51,498 INFO r.s.g.GameController [Thread-0] New GameController loop.
2024-07-21 16:10:51,499 INFO r.s.g.GameController [Thread-0] Processing the round events.
2024-07-21 16:10:51,499 INFO r.s.g.GameController [Thread-0] All Events in queue processed.
2024-07-21 16:11:06,499 INFO r.s.g.GameController [Thread-0] New GameController loop.
2024-07-21 16:11:06,500 INFO r.s.g.GameController [Thread-0] Processing the round events.
2024-07-21 16:11:06,500 INFO r.s.g.GameController [Thread-0] All Events in queue processed.
2024-07-21 17:02:44,159 INFO r.s.g.GameController [main] Creating new GameController.
2024-07-21 17:02:44,188 INFO r.s.s.GameServer [main] Server started on port 5555
2024-07-21 17:02:50,780 INFO r.s.s.GameServer [main] A client has connected from : /127.0.0.1
2024-07-21 17:02:50,781 INFO r.s.s.GameClient [main] Creating new GameClient thread.
2024-07-21 17:02:50,782 INFO r.s.s.Session [main] Creating new Session.
2024-07-21 17:02:50,787 INFO r.s.s.GameClient [Thread-1] Starting GameClient listen loop.
2024-07-21 17:02:50,788 INFO r.s.s.GameClient [Thread-1] Data received. Passing it down to Session.
2024-07-21 17:02:50,802 INFO r.s.e.EventDecoder [Thread-1] Decoding Event from data.
2024-07-21 17:02:50,805 INFO r.s.s.Network [Thread-1] New event received in Network. Processing it.
2024-07-21 17:02:50,810 INFO r.s.e.EventDecoder [Thread-1] Processing StartGameEvent.
2024-07-21 17:02:50,813 INFO r.s.g.GameController [Thread-0] Starting GameController thread.
2024-07-21 17:02:50,815 INFO r.s.g.GameController [Thread-0] New GameController loop.
2024-07-21 17:02:50,816 INFO r.s.g.GameController [Thread-0] Processing the round events.
2024-07-21 17:02:50,816 INFO r.s.g.GameController [Thread-0] All Events in queue processed.
2024-07-21 17:02:51,787 INFO r.s.s.GameClient [Thread-1] Data received. Passing it down to Session.
2024-07-21 17:02:51,788 INFO r.s.e.EventDecoder [Thread-1] Decoding Event from data.
2024-07-21 17:02:51,789 INFO r.s.s.Network [Thread-1] New event received in Network. Processing it.
2024-07-21 17:02:51,791 INFO r.s.e.EventDecoder [Thread-1] Processing ConnectGameEvent.
2024-07-21 17:02:51,791 INFO r.s.s.Session [Thread-1] Connecting Session to GameController.
2024-07-21 17:02:51,831 INFO r.s.s.Session [Thread-1] Session successfuly connected to GameController.
2024-07-21 17:02:52,787 INFO r.s.s.GameClient [Thread-1] Data received. Passing it down to Session.
2024-07-21 17:02:52,788 INFO r.s.e.EventDecoder [Thread-1] Decoding Event from data.
2024-07-21 17:02:52,789 INFO r.s.g.GameController [Thread-1] New event received in the GameController. Adding it to the queue ...
2024-07-21 17:02:52,790 INFO r.s.g.GameController [Thread-1] Event added to the GameController's queue.
2024-07-21 17:03:05,840 INFO r.s.g.GameController [Thread-0] New GameController loop.
2024-07-21 17:03:05,841 INFO r.s.g.GameController [Thread-0] Processing the round events.
2024-07-21 17:03:05,843 INFO r.s.g.GameController [Thread-0] GameController's queue is not empty. Processing event one by one.
2024-07-21 17:03:05,845 INFO r.s.e.g.DamageEvent [Thread-0] Processing DamageEvent.
2024-07-21 17:03:05,849 INFO r.s.g.GameController [Thread-0] Looking for player with uuid + 00000000-0000-0015-0000-000000000000 ...
2024-07-21 17:03:05,852 INFO r.s.g.GameController [Thread-0] No player found with uuid 00000000-0000-0015-0000-000000000000
2024-07-21 17:03:05,855 WARN r.s.e.g.DamageEvent [Thread-0] No valid target for damage ! The UUID doesn't match with any Player within the controller.
2024-07-21 17:03:05,859 INFO r.s.g.GameController [Thread-0] 0 actors modified.
2024-07-21 17:03:05,864 INFO r.s.g.GameController [Thread-0] All Events in queue processed.
2024-07-21 17:03:20,867 INFO r.s.g.GameController [Thread-0] New GameController loop.
2024-07-21 17:03:20,869 INFO r.s.g.GameController [Thread-0] Processing the round events.
2024-07-21 17:03:20,869 INFO r.s.g.GameController [Thread-0] All Events in queue processed.
2024-07-21 17:03:35,872 INFO r.s.g.GameController [Thread-0] New GameController loop.
2024-07-21 17:03:35,873 INFO r.s.g.GameController [Thread-0] Processing the round events.
2024-07-21 17:03:35,873 INFO r.s.g.GameController [Thread-0] All Events in queue processed.
2024-07-21 17:06:24,284 INFO r.s.g.GameController [main] Creating new GameController.
2024-07-21 17:06:24,305 INFO r.s.s.GameServer [main] Server started on port 5555
2024-07-21 17:06:40,928 INFO r.s.g.GameController [main] Creating new GameController.
2024-07-21 17:06:40,942 INFO r.s.s.GameServer [main] Server started on port 5555
2024-07-21 17:06:48,656 INFO r.s.s.GameServer [main] A client has connected from : /127.0.0.1
2024-07-21 17:06:48,658 INFO r.s.s.GameClient [main] Creating new GameClient thread.
2024-07-21 17:06:48,660 INFO r.s.s.Session [main] Creating new Session.
2024-07-21 17:06:48,662 INFO r.s.s.GameClient [Thread-1] Starting GameClient listen loop.
2024-07-21 17:06:48,664 INFO r.s.s.GameClient [Thread-1] Data received. Passing it down to Session.
2024-07-21 17:06:48,669 INFO r.s.e.EventDecoder [Thread-1] Decoding Event from data.
2024-07-21 17:06:48,672 INFO r.s.s.Network [Thread-1] New event received in Network. Processing it.
2024-07-21 17:06:48,675 INFO r.s.e.EventDecoder [Thread-1] Processing StartGameEvent.
2024-07-21 17:06:48,678 INFO r.s.g.GameController [Thread-0] Starting GameController thread.
2024-07-21 17:06:48,681 INFO r.s.g.GameController [Thread-0] New GameController loop.
2024-07-21 17:06:48,682 INFO r.s.g.GameController [Thread-0] Processing the round events.
2024-07-21 17:06:48,683 INFO r.s.g.GameController [Thread-0] All Events in queue processed.
2024-07-21 17:06:49,660 INFO r.s.s.GameClient [Thread-1] Data received. Passing it down to Session.
2024-07-21 17:06:49,661 INFO r.s.e.EventDecoder [Thread-1] Decoding Event from data.
2024-07-21 17:06:49,662 INFO r.s.s.Network [Thread-1] New event received in Network. Processing it.
2024-07-21 17:06:49,662 INFO r.s.e.EventDecoder [Thread-1] Processing ConnectGameEvent.
2024-07-21 17:06:49,662 INFO r.s.s.Session [Thread-1] Connecting Session to GameController.
2024-07-21 17:06:49,684 INFO r.s.s.Session [Thread-1] Session successfuly connected to GameController.
2024-07-21 17:06:50,660 INFO r.s.s.GameClient [Thread-1] Data received. Passing it down to Session.
2024-07-21 17:06:50,661 INFO r.s.e.EventDecoder [Thread-1] Decoding Event from data.
2024-07-21 17:06:50,662 INFO r.s.g.GameController [Thread-1] New event received in the GameController. Adding it to the queue ...
2024-07-21 17:06:50,663 INFO r.s.g.GameController [Thread-1] Event added to the GameController's queue.
2024-07-21 17:07:03,684 INFO r.s.g.GameController [Thread-0] New GameController loop.
2024-07-21 17:07:03,686 INFO r.s.g.GameController [Thread-0] Processing the round events.
2024-07-21 17:07:03,686 INFO r.s.g.GameController [Thread-0] GameController's queue is not empty. Processing event one by one.
2024-07-21 17:07:03,686 INFO r.s.e.g.DamageEvent [Thread-0] Processing DamageEvent.
2024-07-21 17:07:03,688 INFO r.s.g.GameController [Thread-0] Looking for player with uuid + 00000000-0000-0015-0000-000000000000 ...
2024-07-21 17:07:03,690 INFO r.s.g.GameController [Thread-0] No player found with uuid 00000000-0000-0015-0000-000000000000
2024-07-21 17:07:03,691 WARN r.s.e.g.DamageEvent [Thread-0] No valid target for damage ! The UUID doesn't match with any Player within the controller.
2024-07-21 17:07:03,691 INFO r.s.g.GameController [Thread-0] 0 actors modified.
2024-07-21 17:07:03,692 INFO r.s.g.GameController [Thread-0] All Events in queue processed.
2024-07-21 17:07:18,693 INFO r.s.g.GameController [Thread-0] New GameController loop.
2024-07-21 17:07:18,694 INFO r.s.g.GameController [Thread-0] Processing the round events.
2024-07-21 17:07:18,694 INFO r.s.g.GameController [Thread-0] All Events in queue processed.
